
> dermascan-ai-frontend@0.1.0 dev
> vite --host 127.0.0.1 --port 4173


  [32m[1mVITE[22m v6.4.3[39m  [2mready in [0m[1m582[22m[2m[0m ms[22m

  [32m➜[39m  [1mLocal[22m:   [36mhttp://127.0.0.1:[1m4173[22m/[39m
[2m3:10:23 PM[22m [36m[1m[vite][22m[39m [90m[2m(client)[22m[39m [32mpage reload [39m[2mcoverage/index.html[22m
[2m3:10:23 PM[22m [36m[1m[vite][22m[39m [90m[2m(client)[22m[39m [32mpage reload [39m[2mcoverage/src/App.jsx.html[22m
[2m3:10:23 PM[22m [36m[1m[vite][22m[39m [90m[2m(client)[22m[39m [32mpage reload [39m[2mcoverage/src/index.html[22m
[2m3:10:24 PM[22m [36m[1m[vite][22m[39m [90m[2m(client)[22m[39m [32mpage reload [39m[2mcoverage/src/constants/appContent.js.html[22m
[2m3:10:24 PM[22m [36m[1m[vite][22m[39m [90m[2m(client)[22m[39m [32mpage reload [39m[2mcoverage/src/constants/catalogueOptions.js.html[22m
[2m3:10:24 PM[22m [36m[1m[vite][22m[39m [90m[2m(client)[22m[39m [32mpage reload [39m[2mcoverage/src/constants/index.html[22m
[2m3:10:24 PM[22m [36m[1m[vite][22m[39m [90m[2m(client)[22m[39m [32mpage reload [39m[2mcoverage/src/constants/validationMessages.js.html[22m
[2m3:10:24 PM[22m [36m[1m[vite][22m[39m [90m[2m(client)[22m[39m [32mpage reload [39m[2mcoverage/src/layouts/AppLayout.jsx.html[22m
[2m3:10:24 PM[22m [36m[1m[vite][22m[39m [90m[2m(client)[22m[39m [32mpage reload [39m[2mcoverage/src/layouts/index.html[22m
[2m3:10:24 PM[22m [36m[1m[vite][22m[39m [90m[2m(client)[22m[39m [32mpage reload [39m[2mcoverage/src/components/BenefitCard.jsx.html[22m
[2m3:10:24 PM[22m [36m[1m[vite][22m[39m [90m[2m(client)[22m[39m [32mpage reload [39m[2mcoverage/src/components/ConcernRequiredRoute.jsx.html[22m
[2m3:10:24 PM[22m [36m[1m[vite][22m[39m [90m[2m(client)[22m[39m [32mpage reload [39m[2mcoverage/src/components/DemoModeNotice.jsx.html[22m
[2m3:10:24 PM[22m [36m[1m[vite][22m[39m [90m[2m(client)[22m[39m [32mpage reload [39m[2mcoverage/src/components/EligibilityRequiredRoute.jsx.html[22m
[2m3:10:24 PM[22m [36m[1m[vite][22m[39m [90m[2m(client)[22m[39m [32mpage reload [39m[2mcoverage/src/components/EmptyState.jsx.html[22m
[2m3:10:24 PM[22m [36m[1m[vite][22m[39m [90m[2m(client)[22m[39m [32mpage reload [39m[2mcoverage/src/components/ErrorBoundary.jsx.html[22m
[2m3:10:24 PM[22m [36m[1m[vite][22m[39m [90m[2m(client)[22m[39m [32mpage reload [39m[2mcoverage/src/components/ErrorMessage.jsx.html[22m
[2m3:10:24 PM[22m [36m[1m[vite][22m[39m [90m[2m(client)[22m[39m [32mpage reload [39m[2mcoverage/src/components/FaceDetectionRequiredRoute.jsx.html[22m
[2m3:10:24 PM[22m [36m[1m[vite][22m[39m [90m[2m(client)[22m[39m [32mpage reload [39m[2mcoverage/src/components/FaceImageUploader.jsx.html[22m
[2m3:10:24 PM[22m [36m[1m[vite][22m[39m [90m[2m(client)[22m[39m [32mpage reload [39m[2mcoverage/src/components/FeatureCard.jsx.html[22m
[2m3:10:24 PM[22m [36m[1m[vite][22m[39m [90m[2m(client)[22m[39m [32mpage reload [39m[2mcoverage/src/components/FeedbackForm.jsx.html[22m
[2m3:10:24 PM[22m [36m[1m[vite][22m[39m [90m[2m(client)[22m[39m [32mpage reload [39m[2mcoverage/src/components/FinalReportView.jsx.html[22m
[2m3:10:24 PM[22m [36m[1m[vite][22m[39m [90m[2m(client)[22m[39m [32mpage reload [39m[2mcoverage/src/components/Footer.jsx.html[22m
[2m3:10:24 PM[22m [36m[1m[vite][22m[39m [90m[2m(client)[22m[39m [32mpage reload [39m[2mcoverage/src/components/FormCheckbox.jsx.html[22m
[2m3:10:24 PM[22m [36m[1m[vite][22m[39m [90m[2m(client)[22m[39m [32mpage reload [39m[2mcoverage/src/components/FormInput.jsx.html[22m
[2m3:10:24 PM[22m [36m[1m[vite][22m[39m [90m[2m(client)[22m[39m [32mpage reload [39m[2mcoverage/src/components/FormRadioGroup.jsx.html[22m
[2m3:10:24 PM[22m [36m[1m[vite][22m[39m [90m[2m(client)[22m[39m [32mpage reload [39m[2mcoverage/src/components/FormSelect.jsx.html[22m
[2m3:10:24 PM[22m [36m[1m[vite][22m[39m [90m[2m(client)[22m[39m [32mpage reload [39m[2mcoverage/src/components/index.html[22m
[2m3:10:24 PM[22m [36m[1m[vite][22m[39m [90m[2m(client)[22m[39m [32mpage reload [39m[2mcoverage/src/components/LoadingIndicator.jsx.html[22m
[2m3:10:24 PM[22m [36m[1m[vite][22m[39m [90m[2m(client)[22m[39m [32mpage reload [39m[2mcoverage/src/components/Navbar.jsx.html[22m
[2m3:10:24 PM[22m [36m[1m[vite][22m[39m [90m[2m(client)[22m[39m [32mpage reload [39m[2mcoverage/src/components/PageHeader.jsx.html[22m
[2m3:10:24 PM[22m [36m[1m[vite][22m[39m [90m[2m(client)[22m[39m [32mpage reload [39m[2mcoverage/src/components/DisclaimerBox.jsx.html[22m
[2m3:10:24 PM[22m [36m[1m[vite][22m[39m [90m[2m(client)[22m[39m [32mpage reload [39m[2mcoverage/src/components/PreprocessingRequiredRoute.jsx.html[22m
[2m3:10:24 PM[22m [36m[1m[vite][22m[39m [90m[2m(client)[22m[39m [32mpage reload [39m[2mcoverage/src/components/PrimaryButton.jsx.html[22m
[2m3:10:24 PM[22m [36m[1m[vite][22m[39m [90m[2m(client)[22m[39m [32mpage reload [39m[2mcoverage/src/components/ProductCard.jsx.html[22m
[2m3:10:24 PM[22m [36m[1m[vite][22m[39m [90m[2m(client)[22m[39m [32mpage reload [39m[2mcoverage/src/components/ProfileRequiredRoute.jsx.html[22m
[2m3:10:24 PM[22m [36m[1m[vite][22m[39m [90m[2m(client)[22m[39m [32mpage reload [39m[2mcoverage/src/components/ProductCatalogue.jsx.html[22m
[2m3:10:24 PM[22m [36m[1m[vite][22m[39m [90m[2m(client)[22m[39m [32mpage reload [39m[2mcoverage/src/components/ProtectedRoute.jsx.html[22m
[2m3:10:24 PM[22m [36m[1m[vite][22m[39m [90m[2m(client)[22m[39m [32mpage reload [39m[2mcoverage/src/components/PublicOnlyRoute.jsx.html[22m
[2m3:10:24 PM[22m [36m[1m[vite][22m[39m [90m[2m(client)[22m[39m [32mpage reload [39m[2mcoverage/src/components/QualityMetricCard.jsx.html[22m
[2m3:10:24 PM[22m [36m[1m[vite][22m[39m [90m[2m(client)[22m[39m [32mpage reload [39m[2mcoverage/src/components/RecommendationRequiredRoute.jsx.html[22m
[2m3:10:24 PM[22m [36m[1m[vite][22m[39m [90m[2m(client)[22m[39m [32mpage reload [39m[2mcoverage/src/components/QualityRequiredRoute.jsx.html[22m
[2m3:10:24 PM[22m [36m[1m[vite][22m[39m [90m[2m(client)[22m[39m [32mpage reload [39m[2mcoverage/src/components/ResultCard.jsx.html[22m
[2m3:10:24 PM[22m [36m[1m[vite][22m[39m [90m[2m(client)[22m[39m [32mpage reload [39m[2mcoverage/src/components/RoutineCard.jsx.html[22m
[2m3:10:24 PM[22m [36m[1m[vite][22m[39m [90m[2m(client)[22m[39m [32mpage reload [39m[2mcoverage/src/components/RouteLoadingScreen.jsx.html[22m
[2m3:10:24 PM[22m [36m[1m[vite][22m[39m [90m[2m(client)[22m[39m [32mpage reload [39m[2mcoverage/src/components/RoutineRequiredRoute.jsx.html[22m
[2m3:10:24 PM[22m [36m[1m[vite][22m[39m [90m[2m(client)[22m[39m [32mpage reload [39m[2mcoverage/src/components/SkinTypeRequiredRoute.jsx.html[22m
[2m3:10:24 PM[22m [36m[1m[vite][22m[39m [90m[2m(client)[22m[39m [32mpage reload [39m[2mcoverage/src/components/SecondaryButton.jsx.html[22m
[2m3:10:24 PM[22m [36m[1m[vite][22m[39m [90m[2m(client)[22m[39m [32mpage reload [39m[2mcoverage/src/components/TagInput.jsx.html[22m
[2m3:10:24 PM[22m [36m[1m[vite][22m[39m [90m[2m(client)[22m[39m [32mpage reload [39m[2mcoverage/src/components/UploadArea.jsx.html[22m
[2m3:10:24 PM[22m [36m[1m[vite][22m[39m [90m[2m(client)[22m[39m [32mpage reload [39m[2mcoverage/src/components/UploadRequiredRoute.jsx.html[22m
[2m3:10:24 PM[22m [36m[1m[vite][22m[39m [90m[2m(client)[22m[39m [32mpage reload [39m[2mcoverage/src/components/WorkflowStep.jsx.html[22m
[2m3:10:24 PM[22m [36m[1m[vite][22m[39m [90m[2m(client)[22m[39m [32mpage reload [39m[2mcoverage/src/context/AuthContext.jsx.html[22m
[2m3:10:24 PM[22m [36m[1m[vite][22m[39m [90m[2m(client)[22m[39m [32mpage reload [39m[2mcoverage/src/context/DemoDataContext.jsx.html[22m
[2m3:10:24 PM[22m [36m[1m[vite][22m[39m [90m[2m(client)[22m[39m [32mpage reload [39m[2mcoverage/src/context/FaceDetectionContext.jsx.html[22m
[2m3:10:24 PM[22m [36m[1m[vite][22m[39m [90m[2m(client)[22m[39m [32mpage reload [39m[2mcoverage/src/context/FinalReportContext.jsx.html[22m
[2m3:10:24 PM[22m [36m[1m[vite][22m[39m [90m[2m(client)[22m[39m [32mpage reload [39m[2mcoverage/src/context/ImagePreprocessingContext.jsx.html[22m
[2m3:10:24 PM[22m [36m[1m[vite][22m[39m [90m[2m(client)[22m[39m [32mpage reload [39m[2mcoverage/src/context/ImageQualityContext.jsx.html[22m
[2m3:10:24 PM[22m [36m[1m[vite][22m[39m [90m[2m(client)[22m[39m [32mpage reload [39m[2mcoverage/src/context/index.html[22m
[2m3:10:24 PM[22m [36m[1m[vite][22m[39m [90m[2m(client)[22m[39m [32mpage reload [39m[2mcoverage/src/context/ProductEligibilityContext.jsx.html[22m
[2m3:10:24 PM[22m [36m[1m[vite][22m[39m [90m[2m(client)[22m[39m [32mpage reload [39m[2mcoverage/src/context/ProductRecommendationContext.jsx.html[22m
[2m3:10:24 PM[22m [36m[1m[vite][22m[39m [90m[2m(client)[22m[39m [32mpage reload [39m[2mcoverage/src/context/SkincareRoutineContext.jsx.html[22m
[2m3:10:24 PM[22m [36m[1m[vite][22m[39m [90m[2m(client)[22m[39m [32mpage reload [39m[2mcoverage/src/context/SkinConcernContext.jsx.html[22m
[2m3:10:24 PM[22m [36m[1m[vite][22m[39m [90m[2m(client)[22m[39m [32mpage reload [39m[2mcoverage/src/context/SkinProfileContext.jsx.html[22m
[2m3:10:24 PM[22m [36m[1m[vite][22m[39m [90m[2m(client)[22m[39m [32mpage reload [39m[2mcoverage/src/context/SkinTypeContext.jsx.html[22m
[2m3:10:24 PM[22m [36m[1m[vite][22m[39m [90m[2m(client)[22m[39m [32mpage reload [39m[2mcoverage/src/context/UploadContext.jsx.html[22m
[2m3:10:24 PM[22m [36m[1m[vite][22m[39m [90m[2m(client)[22m[39m [32mpage reload [39m[2mcoverage/src/hooks/index.html[22m
[2m3:10:24 PM[22m [36m[1m[vite][22m[39m [90m[2m(client)[22m[39m [32mpage reload [39m[2mcoverage/src/hooks/useLocalStorage.js.html[22m
[2m3:10:24 PM[22m [36m[1m[vite][22m[39m [90m[2m(client)[22m[39m [32mpage reload [39m[2mcoverage/src/pages/AnalysisLoadingPage.jsx.html[22m
[2m3:10:24 PM[22m [36m[1m[vite][22m[39m [90m[2m(client)[22m[39m [32mpage reload [39m[2mcoverage/src/pages/FaceDetectionPage.jsx.html[22m
[2m3:10:24 PM[22m [36m[1m[vite][22m[39m [90m[2m(client)[22m[39m [32mpage reload [39m[2mcoverage/src/pages/FaceScanPage.jsx.html[22m
[2m3:10:24 PM[22m [36m[1m[vite][22m[39m [90m[2m(client)[22m[39m [32mpage reload [39m[2mcoverage/src/pages/FeedbackDetailPage.jsx.html[22m
[2m3:10:24 PM[22m [36m[1m[vite][22m[39m [90m[2m(client)[22m[39m [32mpage reload [39m[2mcoverage/src/pages/FeedbackHistoryPage.jsx.html[22m
[2m3:10:24 PM[22m [36m[1m[vite][22m[39m [90m[2m(client)[22m[39m [32mpage reload [39m[2mcoverage/src/pages/FeedbackPage.jsx.html[22m
[2m3:10:24 PM[22m [36m[1m[vite][22m[39m [90m[2m(client)[22m[39m [32mpage reload [39m[2mcoverage/src/pages/FinalReportDashboardPage.jsx.html[22m
[2m3:10:24 PM[22m [36m[1m[vite][22m[39m [90m[2m(client)[22m[39m [32mpage reload [39m[2mcoverage/src/pages/FinalReportPrintPage.jsx.html[22m
[2m3:10:24 PM[22m [36m[1m[vite][22m[39m [90m[2m(client)[22m[39m [32mpage reload [39m[2mcoverage/src/pages/FinalReportGenerationPage.jsx.html[22m
[2m3:10:24 PM[22m [36m[1m[vite][22m[39m [90m[2m(client)[22m[39m [32mpage reload [39m[2mcoverage/src/pages/ImagePreprocessingPage.jsx.html[22m
[2m3:10:24 PM[22m [36m[1m[vite][22m[39m [90m[2m(client)[22m[39m [32mpage reload [39m[2mcoverage/src/pages/HomePage.jsx.html[22m
[2m3:10:24 PM[22m [36m[1m[vite][22m[39m [90m[2m(client)[22m[39m [32mpage reload [39m[2mcoverage/src/pages/ImageQualityCheckPage.jsx.html[22m
[2m3:10:24 PM[22m [36m[1m[vite][22m[39m [90m[2m(client)[22m[39m [32mpage reload [39m[2mcoverage/src/pages/index.html[22m
[2m3:10:24 PM[22m [36m[1m[vite][22m[39m [90m[2m(client)[22m[39m [32mpage reload [39m[2mcoverage/src/pages/IngredientDetailPage.jsx.html[22m
[2m3:10:24 PM[22m [36m[1m[vite][22m[39m [90m[2m(client)[22m[39m [32mpage reload [39m[2mcoverage/src/pages/IngredientsPage.jsx.html[22m
[2m3:10:24 PM[22m [36m[1m[vite][22m[39m [90m[2m(client)[22m[39m [32mpage reload [39m[2mcoverage/src/pages/LoginPage.jsx.html[22m
[2m3:10:24 PM[22m [36m[1m[vite][22m[39m [90m[2m(client)[22m[39m [32mpage reload [39m[2mcoverage/src/pages/NotFoundPage.jsx.html[22m
[2m3:10:24 PM[22m [36m[1m[vite][22m[39m [90m[2m(client)[22m[39m [32mpage reload [39m[2mcoverage/src/pages/ProductDetailPage.jsx.html[22m
[2m3:10:24 PM[22m [36m[1m[vite][22m[39m [90m[2m(client)[22m[39m [32mpage reload [39m[2mcoverage/src/pages/ProductDiscoveryPage.jsx.html[22m
[2m3:10:24 PM[22m [36m[1m[vite][22m[39m [90m[2m(client)[22m[39m [32mpage reload [39m[2mcoverage/src/pages/ProductEligibilityPage.jsx.html[22m
[2m3:10:24 PM[22m [36m[1m[vite][22m[39m [90m[2m(client)[22m[39m [32mpage reload [39m[2mcoverage/src/pages/ProductsPage.jsx.html[22m
[2m3:10:24 PM[22m [36m[1m[vite][22m[39m [90m[2m(client)[22m[39m [32mpage reload [39m[2mcoverage/src/pages/ProductRecommendationsPage.jsx.html[22m
[2m3:10:24 PM[22m [36m[1m[vite][22m[39m [90m[2m(client)[22m[39m [32mpage reload [39m[2mcoverage/src/pages/RegisterPage.jsx.html[22m
[2m3:10:24 PM[22m [36m[1m[vite][22m[39m [90m[2m(client)[22m[39m [32mpage reload [39m[2mcoverage/src/pages/ReportsPage.jsx.html[22m
[2m3:10:24 PM[22m [36m[1m[vite][22m[39m [90m[2m(client)[22m[39m [32mpage reload [39m[2mcoverage/src/pages/ResultsPage.jsx.html[22m
[2m3:10:24 PM[22m [36m[1m[vite][22m[39m [90m[2m(client)[22m[39m [32mpage reload [39m[2mcoverage/src/pages/SkincareRoutinePage.jsx.html[22m
[2m3:10:24 PM[22m [36m[1m[vite][22m[39m [90m[2m(client)[22m[39m [32mpage reload [39m[2mcoverage/src/pages/SkinConcernAnalysisPage.jsx.html[22m
[2m3:10:24 PM[22m [36m[1m[vite][22m[39m [90m[2m(client)[22m[39m [32mpage reload [39m[2mcoverage/src/pages/SkinProfilePage.jsx.html[22m
[2m3:10:24 PM[22m [36m[1m[vite][22m[39m [90m[2m(client)[22m[39m [32mpage reload [39m[2mcoverage/src/pages/SkinTypeAnalysisPage.jsx.html[22m
[2m3:10:24 PM[22m [36m[1m[vite][22m[39m [90m[2m(client)[22m[39m [32mpage reload [39m[2mcoverage/src/services/api.js.html[22m
[2m3:10:24 PM[22m [36m[1m[vite][22m[39m [90m[2m(client)[22m[39m [32mpage reload [39m[2mcoverage/src/services/apiClient.js.html[22m
[2m3:10:24 PM[22m [36m[1m[vite][22m[39m [90m[2m(client)[22m[39m [32mpage reload [39m[2mcoverage/src/services/authService.js.html[22m
[2m3:10:24 PM[22m [36m[1m[vite][22m[39m [90m[2m(client)[22m[39m [32mpage reload [39m[2mcoverage/src/services/brandService.js.html[22m
[2m3:10:24 PM[22m [36m[1m[vite][22m[39m [90m[2m(client)[22m[39m [32mpage reload [39m[2mcoverage/src/services/faceDetectionService.js.html[22m
[2m3:10:24 PM[22m [36m[1m[vite][22m[39m [90m[2m(client)[22m[39m [32mpage reload [39m[2mcoverage/src/services/feedbackService.js.html[22m
[2m3:10:24 PM[22m [36m[1m[vite][22m[39m [90m[2m(client)[22m[39m [32mpage reload [39m[2mcoverage/src/services/finalReportService.js.html[22m
[2m3:10:24 PM[22m [36m[1m[vite][22m[39m [90m[2m(client)[22m[39m [32mpage reload [39m[2mcoverage/src/services/imagePreprocessingService.js.html[22m
[2m3:10:24 PM[22m [36m[1m[vite][22m[39m [90m[2m(client)[22m[39m [32mpage reload [39m[2mcoverage/src/services/imageQualityService.js.html[22m
[2m3:10:24 PM[22m [36m[1m[vite][22m[39m [90m[2m(client)[22m[39m [32mpage reload [39m[2mcoverage/src/services/index.html[22m
[2m3:10:24 PM[22m [36m[1m[vite][22m[39m [90m[2m(client)[22m[39m [32mpage reload [39m[2mcoverage/src/services/ingredientService.js.html[22m
[2m3:10:24 PM[22m [36m[1m[vite][22m[39m [90m[2m(client)[22m[39m [32mpage reload [39m[2mcoverage/src/services/productEligibilityService.js.html[22m
[2m3:10:24 PM[22m [36m[1m[vite][22m[39m [90m[2m(client)[22m[39m [32mpage reload [39m[2mcoverage/src/services/productRecommendationService.js.html[22m
[2m3:10:24 PM[22m [36m[1m[vite][22m[39m [90m[2m(client)[22m[39m [32mpage reload [39m[2mcoverage/src/services/productService.js.html[22m
[2m3:10:24 PM[22m [36m[1m[vite][22m[39m [90m[2m(client)[22m[39m [32mpage reload [39m[2mcoverage/src/services/skincareRoutineService.js.html[22m
[2m3:10:24 PM[22m [36m[1m[vite][22m[39m [90m[2m(client)[22m[39m [32mpage reload [39m[2mcoverage/src/services/skinConcernService.js.html[22m
[2m3:10:24 PM[22m [36m[1m[vite][22m[39m [90m[2m(client)[22m[39m [32mpage reload [39m[2mcoverage/src/services/skinProfileService.js.html[22m
[2m3:10:24 PM[22m [36m[1m[vite][22m[39m [90m[2m(client)[22m[39m [32mpage reload [39m[2mcoverage/src/services/skinTypeService.js.html[22m
[2m3:10:24 PM[22m [36m[1m[vite][22m[39m [90m[2m(client)[22m[39m [32mpage reload [39m[2mcoverage/src/services/uploadService.js.html[22m
[2m3:10:24 PM[22m [36m[1m[vite][22m[39m [90m[2m(client)[22m[39m [32mpage reload [39m[2mcoverage/src/routes/index.html[22m
[2m3:10:24 PM[22m [36m[1m[vite][22m[39m [90m[2m(client)[22m[39m [32mpage reload [39m[2mcoverage/src/routes/routeConfig.js.html[22m
[2m3:10:24 PM[22m [36m[1m[vite][22m[39m [90m[2m(client)[22m[39m [32mpage reload [39m[2mcoverage/src/utils/index.html[22m
[2m3:10:24 PM[22m [36m[1m[vite][22m[39m [90m[2m(client)[22m[39m [32mpage reload [39m[2mcoverage/src/utils/validation.js.html[22m
[2m3:42:08 PM[22m [36m[1m[vite][22m[39m [90m[2m(client)[22m[39m [32mpage reload [39m[2mcoverage/src/App.jsx.html[22m
[2m3:42:08 PM[22m [36m[1m[vite][22m[39m [90m[2m(client)[22m[39m [32mpage reload [39m[2mcoverage/index.html[22m
[2m3:42:08 PM[22m [36m[1m[vite][22m[39m [90m[2m(client)[22m[39m [32mpage reload [39m[2mcoverage/src/index.html[22m
[2m3:42:08 PM[22m [36m[1m[vite][22m[39m [90m[2m(client)[22m[39m [32mpage reload [39m[2mcoverage/src/constants/appContent.js.html[22m
[2m3:42:08 PM[22m [36m[1m[vite][22m[39m [90m[2m(client)[22m[39m [32mpage reload [39m[2mcoverage/src/constants/catalogueOptions.js.html[22m
[2m3:42:08 PM[22m [36m[1m[vite][22m[39m [90m[2m(client)[22m[39m [32mpage reload [39m[2mcoverage/src/constants/index.html[22m
[2m3:42:08 PM[22m [36m[1m[vite][22m[39m [90m[2m(client)[22m[39m [32mpage reload [39m[2mcoverage/src/constants/validationMessages.js.html[22m
[2m3:42:08 PM[22m [36m[1m[vite][22m[39m [90m[2m(client)[22m[39m [32mpage reload [39m[2mcoverage/src/hooks/index.html[22m
[2m3:42:08 PM[22m [36m[1m[vite][22m[39m [90m[2m(client)[22m[39m [32mpage reload [39m[2mcoverage/src/hooks/useLocalStorage.js.html[22m
[2m3:42:08 PM[22m [36m[1m[vite][22m[39m [90m[2m(client)[22m[39m [32mpage reload [39m[2mcoverage/src/context/AuthContext.jsx.html[22m
[2m3:42:08 PM[22m [36m[1m[vite][22m[39m [90m[2m(client)[22m[39m [32mpage reload [39m[2mcoverage/src/context/DemoDataContext.jsx.html[22m
[2m3:42:08 PM[22m [36m[1m[vite][22m[39m [90m[2m(client)[22m[39m [32mpage reload [39m[2mcoverage/src/context/FaceDetectionContext.jsx.html[22m
[2m3:42:08 PM[22m [36m[1m[vite][22m[39m [90m[2m(client)[22m[39m [32mpage reload [39m[2mcoverage/src/context/FinalReportContext.jsx.html[22m
[2m3:42:08 PM[22m [36m[1m[vite][22m[39m [90m[2m(client)[22m[39m [32mpage reload [39m[2mcoverage/src/context/ImagePreprocessingContext.jsx.html[22m
[2m3:42:08 PM[22m [36m[1m[vite][22m[39m [90m[2m(client)[22m[39m [32mpage reload [39m[2mcoverage/src/context/ImageQualityContext.jsx.html[22m
[2m3:42:08 PM[22m [36m[1m[vite][22m[39m [90m[2m(client)[22m[39m [32mpage reload [39m[2mcoverage/src/context/index.html[22m
[2m3:42:08 PM[22m [36m[1m[vite][22m[39m [90m[2m(client)[22m[39m [32mpage reload [39m[2mcoverage/src/context/ProductEligibilityContext.jsx.html[22m
[2m3:42:08 PM[22m [36m[1m[vite][22m[39m [90m[2m(client)[22m[39m [32mpage reload [39m[2mcoverage/src/context/ProductRecommendationContext.jsx.html[22m
[2m3:42:08 PM[22m [36m[1m[vite][22m[39m [90m[2m(client)[22m[39m [32mpage reload [39m[2mcoverage/src/context/SkincareRoutineContext.jsx.html[22m
[2m3:42:08 PM[22m [36m[1m[vite][22m[39m [90m[2m(client)[22m[39m [32mpage reload [39m[2mcoverage/src/context/SkinConcernContext.jsx.html[22m
[2m3:42:08 PM[22m [36m[1m[vite][22m[39m [90m[2m(client)[22m[39m [32mpage reload [39m[2mcoverage/src/context/SkinProfileContext.jsx.html[22m
[2m3:42:08 PM[22m [36m[1m[vite][22m[39m [90m[2m(client)[22m[39m [32mpage reload [39m[2mcoverage/src/context/SkinTypeContext.jsx.html[22m
[2m3:42:08 PM[22m [36m[1m[vite][22m[39m [90m[2m(client)[22m[39m [32mpage reload [39m[2mcoverage/src/context/UploadContext.jsx.html[22m
[2m3:42:08 PM[22m [36m[1m[vite][22m[39m [90m[2m(client)[22m[39m [32mpage reload [39m[2mcoverage/src/components/BenefitCard.jsx.html[22m
[2m3:42:08 PM[22m [36m[1m[vite][22m[39m [90m[2m(client)[22m[39m [32mpage reload [39m[2mcoverage/src/components/ConcernRequiredRoute.jsx.html[22m
[2m3:42:08 PM[22m [36m[1m[vite][22m[39m [90m[2m(client)[22m[39m [32mpage reload [39m[2mcoverage/src/components/DemoModeNotice.jsx.html[22m
[2m3:42:08 PM[22m [36m[1m[vite][22m[39m [90m[2m(client)[22m[39m [32mpage reload [39m[2mcoverage/src/components/EligibilityRequiredRoute.jsx.html[22m
[2m3:42:08 PM[22m [36m[1m[vite][22m[39m [90m[2m(client)[22m[39m [32mpage reload [39m[2mcoverage/src/components/EmptyState.jsx.html[22m
[2m3:42:08 PM[22m [36m[1m[vite][22m[39m [90m[2m(client)[22m[39m [32mpage reload [39m[2mcoverage/src/components/ErrorBoundary.jsx.html[22m
[2m3:42:08 PM[22m [36m[1m[vite][22m[39m [90m[2m(client)[22m[39m [32mpage reload [39m[2mcoverage/src/components/ErrorMessage.jsx.html[22m
[2m3:42:08 PM[22m [36m[1m[vite][22m[39m [90m[2m(client)[22m[39m [32mpage reload [39m[2mcoverage/src/components/FaceDetectionRequiredRoute.jsx.html[22m
[2m3:42:08 PM[22m [36m[1m[vite][22m[39m [90m[2m(client)[22m[39m [32mpage reload [39m[2mcoverage/src/components/FaceImageUploader.jsx.html[22m
[2m3:42:08 PM[22m [36m[1m[vite][22m[39m [90m[2m(client)[22m[39m [32mpage reload [39m[2mcoverage/src/components/FeatureCard.jsx.html[22m
[2m3:42:08 PM[22m [36m[1m[vite][22m[39m [90m[2m(client)[22m[39m [32mpage reload [39m[2mcoverage/src/components/FeedbackForm.jsx.html[22m
[2m3:42:08 PM[22m [36m[1m[vite][22m[39m [90m[2m(client)[22m[39m [32mpage reload [39m[2mcoverage/src/components/FinalReportView.jsx.html[22m
[2m3:42:08 PM[22m [36m[1m[vite][22m[39m [90m[2m(client)[22m[39m [32mpage reload [39m[2mcoverage/src/components/Footer.jsx.html[22m
[2m3:42:08 PM[22m [36m[1m[vite][22m[39m [90m[2m(client)[22m[39m [32mpage reload [39m[2mcoverage/src/components/FormCheckbox.jsx.html[22m
[2m3:42:08 PM[22m [36m[1m[vite][22m[39m [90m[2m(client)[22m[39m [32mpage reload [39m[2mcoverage/src/components/FormInput.jsx.html[22m
[2m3:42:08 PM[22m [36m[1m[vite][22m[39m [90m[2m(client)[22m[39m [32mpage reload [39m[2mcoverage/src/components/FormRadioGroup.jsx.html[22m
[2m3:42:08 PM[22m [36m[1m[vite][22m[39m [90m[2m(client)[22m[39m [32mpage reload [39m[2mcoverage/src/components/FormSelect.jsx.html[22m
[2m3:42:08 PM[22m [36m[1m[vite][22m[39m [90m[2m(client)[22m[39m [32mpage reload [39m[2mcoverage/src/components/index.html[22m
[2m3:42:08 PM[22m [36m[1m[vite][22m[39m [90m[2m(client)[22m[39m [32mpage reload [39m[2mcoverage/src/components/LoadingIndicator.jsx.html[22m
[2m3:42:08 PM[22m [36m[1m[vite][22m[39m [90m[2m(client)[22m[39m [32mpage reload [39m[2mcoverage/src/components/Navbar.jsx.html[22m
[2m3:42:08 PM[22m [36m[1m[vite][22m[39m [90m[2m(client)[22m[39m [32mpage reload [39m[2mcoverage/src/components/PageHeader.jsx.html[22m
[2m3:42:08 PM[22m [36m[1m[vite][22m[39m [90m[2m(client)[22m[39m [32mpage reload [39m[2mcoverage/src/components/DisclaimerBox.jsx.html[22m
[2m3:42:08 PM[22m [36m[1m[vite][22m[39m [90m[2m(client)[22m[39m [32mpage reload [39m[2mcoverage/src/components/PreprocessingRequiredRoute.jsx.html[22m
[2m3:42:08 PM[22m [36m[1m[vite][22m[39m [90m[2m(client)[22m[39m [32mpage reload [39m[2mcoverage/src/components/PrimaryButton.jsx.html[22m
[2m3:42:08 PM[22m [36m[1m[vite][22m[39m [90m[2m(client)[22m[39m [32mpage reload [39m[2mcoverage/src/components/ProductCard.jsx.html[22m
[2m3:42:08 PM[22m [36m[1m[vite][22m[39m [90m[2m(client)[22m[39m [32mpage reload [39m[2mcoverage/src/components/ProfileRequiredRoute.jsx.html[22m
[2m3:42:08 PM[22m [36m[1m[vite][22m[39m [90m[2m(client)[22m[39m [32mpage reload [39m[2mcoverage/src/components/ProductCatalogue.jsx.html[22m
[2m3:42:08 PM[22m [36m[1m[vite][22m[39m [90m[2m(client)[22m[39m [32mpage reload [39m[2mcoverage/src/components/ProtectedRoute.jsx.html[22m
[2m3:42:08 PM[22m [36m[1m[vite][22m[39m [90m[2m(client)[22m[39m [32mpage reload [39m[2mcoverage/src/components/PublicOnlyRoute.jsx.html[22m
[2m3:42:08 PM[22m [36m[1m[vite][22m[39m [90m[2m(client)[22m[39m [32mpage reload [39m[2mcoverage/src/components/QualityMetricCard.jsx.html[22m
[2m3:42:08 PM[22m [36m[1m[vite][22m[39m [90m[2m(client)[22m[39m [32mpage reload [39m[2mcoverage/src/components/RecommendationRequiredRoute.jsx.html[22m
[2m3:42:08 PM[22m [36m[1m[vite][22m[39m [90m[2m(client)[22m[39m [32mpage reload [39m[2mcoverage/src/components/QualityRequiredRoute.jsx.html[22m
[2m3:42:08 PM[22m [36m[1m[vite][22m[39m [90m[2m(client)[22m[39m [32mpage reload [39m[2mcoverage/src/components/ResultCard.jsx.html[22m
[2m3:42:08 PM[22m [36m[1m[vite][22m[39m [90m[2m(client)[22m[39m [32mpage reload [39m[2mcoverage/src/components/RoutineCard.jsx.html[22m
[2m3:42:08 PM[22m [36m[1m[vite][22m[39m [90m[2m(client)[22m[39m [32mpage reload [39m[2mcoverage/src/components/RouteLoadingScreen.jsx.html[22m
[2m3:42:08 PM[22m [36m[1m[vite][22m[39m [90m[2m(client)[22m[39m [32mpage reload [39m[2mcoverage/src/components/RoutineRequiredRoute.jsx.html[22m
[2m3:42:08 PM[22m [36m[1m[vite][22m[39m [90m[2m(client)[22m[39m [32mpage reload [39m[2mcoverage/src/components/SkinTypeRequiredRoute.jsx.html[22m
[2m3:42:08 PM[22m [36m[1m[vite][22m[39m [90m[2m(client)[22m[39m [32mpage reload [39m[2mcoverage/src/components/SecondaryButton.jsx.html[22m
[2m3:42:08 PM[22m [36m[1m[vite][22m[39m [90m[2m(client)[22m[39m [32mpage reload [39m[2mcoverage/src/components/TagInput.jsx.html[22m
[2m3:42:08 PM[22m [36m[1m[vite][22m[39m [90m[2m(client)[22m[39m [32mpage reload [39m[2mcoverage/src/components/UploadArea.jsx.html[22m
[2m3:42:08 PM[22m [36m[1m[vite][22m[39m [90m[2m(client)[22m[39m [32mpage reload [39m[2mcoverage/src/components/UploadRequiredRoute.jsx.html[22m
[2m3:42:08 PM[22m [36m[1m[vite][22m[39m [90m[2m(client)[22m[39m [32mpage reload [39m[2mcoverage/src/components/WorkflowStep.jsx.html[22m
[2m3:42:08 PM[22m [36m[1m[vite][22m[39m [90m[2m(client)[22m[39m [32mpage reload [39m[2mcoverage/src/layouts/AppLayout.jsx.html[22m
[2m3:42:08 PM[22m [36m[1m[vite][22m[39m [90m[2m(client)[22m[39m [32mpage reload [39m[2mcoverage/src/layouts/index.html[22m
[2m3:42:08 PM[22m [36m[1m[vite][22m[39m [90m[2m(client)[22m[39m [32mpage reload [39m[2mcoverage/src/routes/index.html[22m
[2m3:42:08 PM[22m [36m[1m[vite][22m[39m [90m[2m(client)[22m[39m [32mpage reload [39m[2mcoverage/src/routes/routeConfig.js.html[22m
[2m3:42:08 PM[22m [36m[1m[vite][22m[39m [90m[2m(client)[22m[39m [32mpage reload [39m[2mcoverage/src/services/api.js.html[22m
[2m3:42:08 PM[22m [36m[1m[vite][22m[39m [90m[2m(client)[22m[39m [32mpage reload [39m[2mcoverage/src/services/apiClient.js.html[22m
[2m3:42:08 PM[22m [36m[1m[vite][22m[39m [90m[2m(client)[22m[39m [32mpage reload [39m[2mcoverage/src/services/authService.js.html[22m
[2m3:42:08 PM[22m [36m[1m[vite][22m[39m [90m[2m(client)[22m[39m [32mpage reload [39m[2mcoverage/src/services/brandService.js.html[22m
[2m3:42:08 PM[22m [36m[1m[vite][22m[39m [90m[2m(client)[22m[39m [32mpage reload [39m[2mcoverage/src/services/faceDetectionService.js.html[22m
[2m3:42:08 PM[22m [36m[1m[vite][22m[39m [90m[2m(client)[22m[39m [32mpage reload [39m[2mcoverage/src/services/feedbackService.js.html[22m
[2m3:42:08 PM[22m [36m[1m[vite][22m[39m [90m[2m(client)[22m[39m [32mpage reload [39m[2mcoverage/src/services/finalReportService.js.html[22m
[2m3:42:08 PM[22m [36m[1m[vite][22m[39m [90m[2m(client)[22m[39m [32mpage reload [39m[2mcoverage/src/services/imagePreprocessingService.js.html[22m
[2m3:42:08 PM[22m [36m[1m[vite][22m[39m [90m[2m(client)[22m[39m [32mpage reload [39m[2mcoverage/src/services/imageQualityService.js.html[22m
[2m3:42:08 PM[22m [36m[1m[vite][22m[39m [90m[2m(client)[22m[39m [32mpage reload [39m[2mcoverage/src/services/index.html[22m
[2m3:42:08 PM[22m [36m[1m[vite][22m[39m [90m[2m(client)[22m[39m [32mpage reload [39m[2mcoverage/src/services/ingredientService.js.html[22m
[2m3:42:08 PM[22m [36m[1m[vite][22m[39m [90m[2m(client)[22m[39m [32mpage reload [39m[2mcoverage/src/services/productEligibilityService.js.html[22m
[2m3:42:08 PM[22m [36m[1m[vite][22m[39m [90m[2m(client)[22m[39m [32mpage reload [39m[2mcoverage/src/services/productRecommendationService.js.html[22m
[2m3:42:08 PM[22m [36m[1m[vite][22m[39m [90m[2m(client)[22m[39m [32mpage reload [39m[2mcoverage/src/services/productService.js.html[22m
[2m3:42:08 PM[22m [36m[1m[vite][22m[39m [90m[2m(client)[22m[39m [32mpage reload [39m[2mcoverage/src/services/skincareRoutineService.js.html[22m
[2m3:42:08 PM[22m [36m[1m[vite][22m[39m [90m[2m(client)[22m[39m [32mpage reload [39m[2mcoverage/src/services/skinConcernService.js.html[22m
[2m3:42:08 PM[22m [36m[1m[vite][22m[39m [90m[2m(client)[22m[39m [32mpage reload [39m[2mcoverage/src/services/skinProfileService.js.html[22m
[2m3:42:08 PM[22m [36m[1m[vite][22m[39m [90m[2m(client)[22m[39m [32mpage reload [39m[2mcoverage/src/services/skinTypeService.js.html[22m
[2m3:42:08 PM[22m [36m[1m[vite][22m[39m [90m[2m(client)[22m[39m [32mpage reload [39m[2mcoverage/src/services/uploadService.js.html[22m
[2m3:42:08 PM[22m [36m[1m[vite][22m[39m [90m[2m(client)[22m[39m [32mpage reload [39m[2mcoverage/src/pages/AnalysisLoadingPage.jsx.html[22m
[2m3:42:08 PM[22m [36m[1m[vite][22m[39m [90m[2m(client)[22m[39m [32mpage reload [39m[2mcoverage/src/pages/FaceDetectionPage.jsx.html[22m
[2m3:42:08 PM[22m [36m[1m[vite][22m[39m [90m[2m(client)[22m[39m [32mpage reload [39m[2mcoverage/src/pages/FaceScanPage.jsx.html[22m
[2m3:42:08 PM[22m [36m[1m[vite][22m[39m [90m[2m(client)[22m[39m [32mpage reload [39m[2mcoverage/src/pages/FeedbackDetailPage.jsx.html[22m
[2m3:42:08 PM[22m [36m[1m[vite][22m[39m [90m[2m(client)[22m[39m [32mpage reload [39m[2mcoverage/src/pages/FeedbackHistoryPage.jsx.html[22m
[2m3:42:08 PM[22m [36m[1m[vite][22m[39m [90m[2m(client)[22m[39m [32mpage reload [39m[2mcoverage/src/pages/FeedbackPage.jsx.html[22m
[2m3:42:08 PM[22m [36m[1m[vite][22m[39m [90m[2m(client)[22m[39m [32mpage reload [39m[2mcoverage/src/pages/FinalReportDashboardPage.jsx.html[22m
[2m3:42:08 PM[22m [36m[1m[vite][22m[39m [90m[2m(client)[22m[39m [32mpage reload [39m[2mcoverage/src/pages/FinalReportPrintPage.jsx.html[22m
[2m3:42:08 PM[22m [36m[1m[vite][22m[39m [90m[2m(client)[22m[39m [32mpage reload [39m[2mcoverage/src/pages/FinalReportGenerationPage.jsx.html[22m
[2m3:42:08 PM[22m [36m[1m[vite][22m[39m [90m[2m(client)[22m[39m [32mpage reload [39m[2mcoverage/src/pages/ImagePreprocessingPage.jsx.html[22m
[2m3:42:08 PM[22m [36m[1m[vite][22m[39m [90m[2m(client)[22m[39m [32mpage reload [39m[2mcoverage/src/pages/HomePage.jsx.html[22m
[2m3:42:08 PM[22m [36m[1m[vite][22m[39m [90m[2m(client)[22m[39m [32mpage reload [39m[2mcoverage/src/pages/ImageQualityCheckPage.jsx.html[22m
[2m3:42:08 PM[22m [36m[1m[vite][22m[39m [90m[2m(client)[22m[39m [32mpage reload [39m[2mcoverage/src/pages/index.html[22m
[2m3:42:08 PM[22m [36m[1m[vite][22m[39m [90m[2m(client)[22m[39m [32mpage reload [39m[2mcoverage/src/pages/IngredientDetailPage.jsx.html[22m
[2m3:42:08 PM[22m [36m[1m[vite][22m[39m [90m[2m(client)[22m[39m [32mpage reload [39m[2mcoverage/src/pages/IngredientsPage.jsx.html[22m
[2m3:42:08 PM[22m [36m[1m[vite][22m[39m [90m[2m(client)[22m[39m [32mpage reload [39m[2mcoverage/src/pages/LoginPage.jsx.html[22m
[2m3:42:08 PM[22m [36m[1m[vite][22m[39m [90m[2m(client)[22m[39m [32mpage reload [39m[2mcoverage/src/pages/NotFoundPage.jsx.html[22m
[2m3:42:08 PM[22m [36m[1m[vite][22m[39m [90m[2m(client)[22m[39m [32mpage reload [39m[2mcoverage/src/pages/ProductDetailPage.jsx.html[22m
[2m3:42:08 PM[22m [36m[1m[vite][22m[39m [90m[2m(client)[22m[39m [32mpage reload [39m[2mcoverage/src/pages/ProductDiscoveryPage.jsx.html[22m
[2m3:42:08 PM[22m [36m[1m[vite][22m[39m [90m[2m(client)[22m[39m [32mpage reload [39m[2mcoverage/src/pages/ProductEligibilityPage.jsx.html[22m
[2m3:42:08 PM[22m [36m[1m[vite][22m[39m [90m[2m(client)[22m[39m [32mpage reload [39m[2mcoverage/src/pages/ProductsPage.jsx.html[22m
[2m3:42:08 PM[22m [36m[1m[vite][22m[39m [90m[2m(client)[22m[39m [32mpage reload [39m[2mcoverage/src/pages/ProductRecommendationsPage.jsx.html[22m
[2m3:42:08 PM[22m [36m[1m[vite][22m[39m [90m[2m(client)[22m[39m [32mpage reload [39m[2mcoverage/src/pages/RegisterPage.jsx.html[22m
[2m3:42:08 PM[22m [36m[1m[vite][22m[39m [90m[2m(client)[22m[39m [32mpage reload [39m[2mcoverage/src/pages/ReportsPage.jsx.html[22m
[2m3:42:08 PM[22m [36m[1m[vite][22m[39m [90m[2m(client)[22m[39m [32mpage reload [39m[2mcoverage/src/pages/ResultsPage.jsx.html[22m
[2m3:42:08 PM[22m [36m[1m[vite][22m[39m [90m[2m(client)[22m[39m [32mpage reload [39m[2mcoverage/src/pages/SkincareRoutinePage.jsx.html[22m
[2m3:42:08 PM[22m [36m[1m[vite][22m[39m [90m[2m(client)[22m[39m [32mpage reload [39m[2mcoverage/src/pages/SkinConcernAnalysisPage.jsx.html[22m
[2m3:42:08 PM[22m [36m[1m[vite][22m[39m [90m[2m(client)[22m[39m [32mpage reload [39m[2mcoverage/src/pages/SkinProfilePage.jsx.html[22m
[2m3:42:08 PM[22m [36m[1m[vite][22m[39m [90m[2m(client)[22m[39m [32mpage reload [39m[2mcoverage/src/pages/SkinTypeAnalysisPage.jsx.html[22m
[2m3:42:08 PM[22m [36m[1m[vite][22m[39m [90m[2m(client)[22m[39m [32mpage reload [39m[2mcoverage/src/utils/index.html[22m
[2m3:42:08 PM[22m [36m[1m[vite][22m[39m [90m[2m(client)[22m[39m [32mpage reload [39m[2mcoverage/src/utils/validation.js.html[22m
[2m3:42:15 PM[22m [36m[1m[vite][22m[39m [90m[2m(client)[22m[39m [32mpage reload [39m[2mcoverage/index.html[22m
[2m3:42:15 PM[22m [36m[1m[vite][22m[39m [90m[2m(client)[22m[39m [32mpage reload [39m[2mcoverage/src/App.jsx.html[22m
[2m3:42:15 PM[22m [36m[1m[vite][22m[39m [90m[2m(client)[22m[39m [32mpage reload [39m[2mcoverage/src/index.html[22m
[2m3:42:15 PM[22m [36m[1m[vite][22m[39m [90m[2m(client)[22m[39m [32mpage reload [39m[2mcoverage/src/components/ConcernRequiredRoute.jsx.html[22m
[2m3:42:15 PM[22m [36m[1m[vite][22m[39m [90m[2m(client)[22m[39m [32mpage reload [39m[2mcoverage/src/components/BenefitCard.jsx.html[22m
[2m3:42:15 PM[22m [36m[1m[vite][22m[39m [90m[2m(client)[22m[39m [32mpage reload [39m[2mcoverage/src/components/DemoModeNotice.jsx.html[22m
[2m3:42:15 PM[22m [36m[1m[vite][22m[39m [90m[2m(client)[22m[39m [32mpage reload [39m[2mcoverage/src/components/DisclaimerBox.jsx.html[22m
[2m3:42:15 PM[22m [36m[1m[vite][22m[39m [90m[2m(client)[22m[39m [32mpage reload [39m[2mcoverage/src/components/EligibilityRequiredRoute.jsx.html[22m
[2m3:42:15 PM[22m [36m[1m[vite][22m[39m [90m[2m(client)[22m[39m [32mpage reload [39m[2mcoverage/src/components/EmptyState.jsx.html[22m
[2m3:42:15 PM[22m [36m[1m[vite][22m[39m [90m[2m(client)[22m[39m [32mpage reload [39m[2mcoverage/src/components/ErrorMessage.jsx.html[22m
[2m3:42:15 PM[22m [36m[1m[vite][22m[39m [90m[2m(client)[22m[39m [32mpage reload [39m[2mcoverage/src/components/ErrorBoundary.jsx.html[22m
[2m3:42:15 PM[22m [36m[1m[vite][22m[39m [90m[2m(client)[22m[39m [32mpage reload [39m[2mcoverage/src/components/FaceDetectionRequiredRoute.jsx.html[22m
[2m3:42:15 PM[22m [36m[1m[vite][22m[39m [90m[2m(client)[22m[39m [32mpage reload [39m[2mcoverage/src/components/FaceImageUploader.jsx.html[22m
[2m3:42:15 PM[22m [36m[1m[vite][22m[39m [90m[2m(client)[22m[39m [32mpage reload [39m[2mcoverage/src/components/FeatureCard.jsx.html[22m
[2m3:42:15 PM[22m [36m[1m[vite][22m[39m [90m[2m(client)[22m[39m [32mpage reload [39m[2mcoverage/src/components/FeedbackForm.jsx.html[22m
[2m3:42:15 PM[22m [36m[1m[vite][22m[39m [90m[2m(client)[22m[39m [32mpage reload [39m[2mcoverage/src/components/FinalReportView.jsx.html[22m
[2m3:42:15 PM[22m [36m[1m[vite][22m[39m [90m[2m(client)[22m[39m [32mpage reload [39m[2mcoverage/src/components/Footer.jsx.html[22m
[2m3:42:15 PM[22m [36m[1m[vite][22m[39m [90m[2m(client)[22m[39m [32mpage reload [39m[2mcoverage/src/components/FormCheckbox.jsx.html[22m
[2m3:42:15 PM[22m [36m[1m[vite][22m[39m [90m[2m(client)[22m[39m [32mpage reload [39m[2mcoverage/src/components/FormInput.jsx.html[22m
[2m3:42:15 PM[22m [36m[1m[vite][22m[39m [90m[2m(client)[22m[39m [32mpage reload [39m[2mcoverage/src/components/FormRadioGroup.jsx.html[22m
[2m3:42:15 PM[22m [36m[1m[vite][22m[39m [90m[2m(client)[22m[39m [32mpage reload [39m[2mcoverage/src/components/FormSelect.jsx.html[22m
[2m3:42:15 PM[22m [36m[1m[vite][22m[39m [90m[2m(client)[22m[39m [32mpage reload [39m[2mcoverage/src/components/index.html[22m
[2m3:42:15 PM[22m [36m[1m[vite][22m[39m [90m[2m(client)[22m[39m [32mpage reload [39m[2mcoverage/src/components/LoadingIndicator.jsx.html[22m
[2m3:42:15 PM[22m [36m[1m[vite][22m[39m [90m[2m(client)[22m[39m [32mpage reload [39m[2mcoverage/src/components/Navbar.jsx.html[22m
[2m3:42:15 PM[22m [36m[1m[vite][22m[39m [90m[2m(client)[22m[39m [32mpage reload [39m[2mcoverage/src/components/PageHeader.jsx.html[22m
[2m3:42:15 PM[22m [36m[1m[vite][22m[39m [90m[2m(client)[22m[39m [32mpage reload [39m[2mcoverage/src/components/PreprocessingRequiredRoute.jsx.html[22m
[2m3:42:15 PM[22m [36m[1m[vite][22m[39m [90m[2m(client)[22m[39m [32mpage reload [39m[2mcoverage/src/components/PrimaryButton.jsx.html[22m
[2m3:42:15 PM[22m [36m[1m[vite][22m[39m [90m[2m(client)[22m[39m [32mpage reload [39m[2mcoverage/src/components/ProductCard.jsx.html[22m
[2m3:42:15 PM[22m [36m[1m[vite][22m[39m [90m[2m(client)[22m[39m [32mpage reload [39m[2mcoverage/src/components/ProductCatalogue.jsx.html[22m
[2m3:42:15 PM[22m [36m[1m[vite][22m[39m [90m[2m(client)[22m[39m [32mpage reload [39m[2mcoverage/src/components/ProfileRequiredRoute.jsx.html[22m
[2m3:42:15 PM[22m [36m[1m[vite][22m[39m [90m[2m(client)[22m[39m [32mpage reload [39m[2mcoverage/src/components/ProtectedRoute.jsx.html[22m
[2m3:42:15 PM[22m [36m[1m[vite][22m[39m [90m[2m(client)[22m[39m [32mpage reload [39m[2mcoverage/src/components/PublicOnlyRoute.jsx.html[22m
[2m3:42:15 PM[22m [36m[1m[vite][22m[39m [90m[2m(client)[22m[39m [32mpage reload [39m[2mcoverage/src/components/QualityMetricCard.jsx.html[22m
[2m3:42:15 PM[22m [36m[1m[vite][22m[39m [90m[2m(client)[22m[39m [32mpage reload [39m[2mcoverage/src/components/QualityRequiredRoute.jsx.html[22m
[2m3:42:15 PM[22m [36m[1m[vite][22m[39m [90m[2m(client)[22m[39m [32mpage reload [39m[2mcoverage/src/components/RecommendationRequiredRoute.jsx.html[22m
[2m3:42:15 PM[22m [36m[1m[vite][22m[39m [90m[2m(client)[22m[39m [32mpage reload [39m[2mcoverage/src/components/ResultCard.jsx.html[22m
[2m3:42:15 PM[22m [36m[1m[vite][22m[39m [90m[2m(client)[22m[39m [32mpage reload [39m[2mcoverage/src/components/RoutineCard.jsx.html[22m
[2m3:42:15 PM[22m [36m[1m[vite][22m[39m [90m[2m(client)[22m[39m [32mpage reload [39m[2mcoverage/src/components/RouteLoadingScreen.jsx.html[22m
[2m3:42:15 PM[22m [36m[1m[vite][22m[39m [90m[2m(client)[22m[39m [32mpage reload [39m[2mcoverage/src/components/RoutineRequiredRoute.jsx.html[22m
[2m3:42:15 PM[22m [36m[1m[vite][22m[39m [90m[2m(client)[22m[39m [32mpage reload [39m[2mcoverage/src/components/SecondaryButton.jsx.html[22m
[2m3:42:15 PM[22m [36m[1m[vite][22m[39m [90m[2m(client)[22m[39m [32mpage reload [39m[2mcoverage/src/components/SkinTypeRequiredRoute.jsx.html[22m
[2m3:42:15 PM[22m [36m[1m[vite][22m[39m [90m[2m(client)[22m[39m [32mpage reload [39m[2mcoverage/src/components/TagInput.jsx.html[22m
[2m3:42:15 PM[22m [36m[1m[vite][22m[39m [90m[2m(client)[22m[39m [32mpage reload [39m[2mcoverage/src/components/UploadArea.jsx.html[22m
[2m3:42:15 PM[22m [36m[1m[vite][22m[39m [90m[2m(client)[22m[39m [32mpage reload [39m[2mcoverage/src/components/UploadRequiredRoute.jsx.html[22m
[2m3:42:15 PM[22m [36m[1m[vite][22m[39m [90m[2m(client)[22m[39m [32mpage reload [39m[2mcoverage/src/components/WorkflowStep.jsx.html[22m
[2m3:42:15 PM[22m [36m[1m[vite][22m[39m [90m[2m(client)[22m[39m [32mpage reload [39m[2mcoverage/src/constants/appContent.js.html[22m
[2m3:42:15 PM[22m [36m[1m[vite][22m[39m [90m[2m(client)[22m[39m [32mpage reload [39m[2mcoverage/src/constants/catalogueOptions.js.html[22m
[2m3:42:15 PM[22m [36m[1m[vite][22m[39m [90m[2m(client)[22m[39m [32mpage reload [39m[2mcoverage/src/constants/index.html[22m
[2m3:42:15 PM[22m [36m[1m[vite][22m[39m [90m[2m(client)[22m[39m [32mpage reload [39m[2mcoverage/src/constants/validationMessages.js.html[22m
[2m3:42:15 PM[22m [36m[1m[vite][22m[39m [90m[2m(client)[22m[39m [32mpage reload [39m[2mcoverage/src/context/AuthContext.jsx.html[22m
[2m3:42:15 PM[22m [36m[1m[vite][22m[39m [90m[2m(client)[22m[39m [32mpage reload [39m[2mcoverage/src/context/FaceDetectionContext.jsx.html[22m
[2m3:42:15 PM[22m [36m[1m[vite][22m[39m [90m[2m(client)[22m[39m [32mpage reload [39m[2mcoverage/src/context/DemoDataContext.jsx.html[22m
[2m3:42:15 PM[22m [36m[1m[vite][22m[39m [90m[2m(client)[22m[39m [32mpage reload [39m[2mcoverage/src/context/FinalReportContext.jsx.html[22m
[2m3:42:15 PM[22m [36m[1m[vite][22m[39m [90m[2m(client)[22m[39m [32mpage reload [39m[2mcoverage/src/context/ImagePreprocessingContext.jsx.html[22m
[2m3:42:15 PM[22m [36m[1m[vite][22m[39m [90m[2m(client)[22m[39m [32mpage reload [39m[2mcoverage/src/context/ImageQualityContext.jsx.html[22m
[2m3:42:15 PM[22m [36m[1m[vite][22m[39m [90m[2m(client)[22m[39m [32mpage reload [39m[2mcoverage/src/context/index.html[22m
[2m3:42:15 PM[22m [36m[1m[vite][22m[39m [90m[2m(client)[22m[39m [32mpage reload [39m[2mcoverage/src/context/ProductEligibilityContext.jsx.html[22m
[2m3:42:15 PM[22m [36m[1m[vite][22m[39m [90m[2m(client)[22m[39m [32mpage reload [39m[2mcoverage/src/context/ProductRecommendationContext.jsx.html[22m
[2m3:42:15 PM[22m [36m[1m[vite][22m[39m [90m[2m(client)[22m[39m [32mpage reload [39m[2mcoverage/src/context/SkincareRoutineContext.jsx.html[22m
[2m3:42:15 PM[22m [36m[1m[vite][22m[39m [90m[2m(client)[22m[39m [32mpage reload [39m[2mcoverage/src/context/SkinConcernContext.jsx.html[22m
[2m3:42:15 PM[22m [36m[1m[vite][22m[39m [90m[2m(client)[22m[39m [32mpage reload [39m[2mcoverage/src/context/SkinProfileContext.jsx.html[22m
[2m3:42:15 PM[22m [36m[1m[vite][22m[39m [90m[2m(client)[22m[39m [32mpage reload [39m[2mcoverage/src/context/SkinTypeContext.jsx.html[22m
[2m3:42:15 PM[22m [36m[1m[vite][22m[39m [90m[2m(client)[22m[39m [32mpage reload [39m[2mcoverage/src/context/UploadContext.jsx.html[22m
[2m3:42:15 PM[22m [36m[1m[vite][22m[39m [90m[2m(client)[22m[39m [32mpage reload [39m[2mcoverage/src/hooks/index.html[22m
[2m3:42:15 PM[22m [36m[1m[vite][22m[39m [90m[2m(client)[22m[39m [32mpage reload [39m[2mcoverage/src/hooks/useLocalStorage.js.html[22m
[2m3:42:15 PM[22m [36m[1m[vite][22m[39m [90m[2m(client)[22m[39m [32mpage reload [39m[2mcoverage/src/pages/AnalysisLoadingPage.jsx.html[22m
[2m3:42:15 PM[22m [36m[1m[vite][22m[39m [90m[2m(client)[22m[39m [32mpage reload [39m[2mcoverage/src/pages/FaceDetectionPage.jsx.html[22m
[2m3:42:15 PM[22m [36m[1m[vite][22m[39m [90m[2m(client)[22m[39m [32mpage reload [39m[2mcoverage/src/pages/FeedbackHistoryPage.jsx.html[22m
[2m3:42:15 PM[22m [36m[1m[vite][22m[39m [90m[2m(client)[22m[39m [32mpage reload [39m[2mcoverage/src/pages/FeedbackDetailPage.jsx.html[22m
[2m3:42:15 PM[22m [36m[1m[vite][22m[39m [90m[2m(client)[22m[39m [32mpage reload [39m[2mcoverage/src/pages/FaceScanPage.jsx.html[22m
[2m3:42:15 PM[22m [36m[1m[vite][22m[39m [90m[2m(client)[22m[39m [32mpage reload [39m[2mcoverage/src/pages/FeedbackPage.jsx.html[22m
[2m3:42:15 PM[22m [36m[1m[vite][22m[39m [90m[2m(client)[22m[39m [32mpage reload [39m[2mcoverage/src/pages/FinalReportDashboardPage.jsx.html[22m
[2m3:42:15 PM[22m [36m[1m[vite][22m[39m [90m[2m(client)[22m[39m [32mpage reload [39m[2mcoverage/src/pages/FinalReportGenerationPage.jsx.html[22m
[2m3:42:15 PM[22m [36m[1m[vite][22m[39m [90m[2m(client)[22m[39m [32mpage reload [39m[2mcoverage/src/pages/FinalReportPrintPage.jsx.html[22m
[2m3:42:15 PM[22m [36m[1m[vite][22m[39m [90m[2m(client)[22m[39m [32mpage reload [39m[2mcoverage/src/pages/HomePage.jsx.html[22m
[2m3:42:15 PM[22m [36m[1m[vite][22m[39m [90m[2m(client)[22m[39m [32mpage reload [39m[2mcoverage/src/pages/ImagePreprocessingPage.jsx.html[22m
[2m3:42:15 PM[22m [36m[1m[vite][22m[39m [90m[2m(client)[22m[39m [32mpage reload [39m[2mcoverage/src/pages/ImageQualityCheckPage.jsx.html[22m
[2m3:42:15 PM[22m [36m[1m[vite][22m[39m [90m[2m(client)[22m[39m [32mpage reload [39m[2mcoverage/src/pages/index.html[22m
[2m3:42:15 PM[22m [36m[1m[vite][22m[39m [90m[2m(client)[22m[39m [32mpage reload [39m[2mcoverage/src/pages/IngredientDetailPage.jsx.html[22m
[2m3:42:15 PM[22m [36m[1m[vite][22m[39m [90m[2m(client)[22m[39m [32mpage reload [39m[2mcoverage/src/pages/IngredientsPage.jsx.html[22m
[2m3:42:15 PM[22m [36m[1m[vite][22m[39m [90m[2m(client)[22m[39m [32mpage reload [39m[2mcoverage/src/pages/LoginPage.jsx.html[22m
[2m3:42:15 PM[22m [36m[1m[vite][22m[39m [90m[2m(client)[22m[39m [32mpage reload [39m[2mcoverage/src/pages/NotFoundPage.jsx.html[22m
[2m3:42:15 PM[22m [36m[1m[vite][22m[39m [90m[2m(client)[22m[39m [32mpage reload [39m[2mcoverage/src/pages/ProductDetailPage.jsx.html[22m
[2m3:42:15 PM[22m [36m[1m[vite][22m[39m [90m[2m(client)[22m[39m [32mpage reload [39m[2mcoverage/src/pages/ProductDiscoveryPage.jsx.html[22m
[2m3:42:15 PM[22m [36m[1m[vite][22m[39m [90m[2m(client)[22m[39m [32mpage reload [39m[2mcoverage/src/pages/ProductEligibilityPage.jsx.html[22m
[2m3:42:15 PM[22m [36m[1m[vite][22m[39m [90m[2m(client)[22m[39m [32mpage reload [39m[2mcoverage/src/pages/ProductsPage.jsx.html[22m
[2m3:42:15 PM[22m [36m[1m[vite][22m[39m [90m[2m(client)[22m[39m [32mpage reload [39m[2mcoverage/src/pages/ProductRecommendationsPage.jsx.html[22m
[2m3:42:15 PM[22m [36m[1m[vite][22m[39m [90m[2m(client)[22m[39m [32mpage reload [39m[2mcoverage/src/pages/RegisterPage.jsx.html[22m
[2m3:42:15 PM[22m [36m[1m[vite][22m[39m [90m[2m(client)[22m[39m [32mpage reload [39m[2mcoverage/src/pages/ReportsPage.jsx.html[22m
[2m3:42:15 PM[22m [36m[1m[vite][22m[39m [90m[2m(client)[22m[39m [32mpage reload [39m[2mcoverage/src/pages/ResultsPage.jsx.html[22m
[2m3:42:15 PM[22m [36m[1m[vite][22m[39m [90m[2m(client)[22m[39m [32mpage reload [39m[2mcoverage/src/pages/SkincareRoutinePage.jsx.html[22m
[2m3:42:15 PM[22m [36m[1m[vite][22m[39m [90m[2m(client)[22m[39m [32mpage reload [39m[2mcoverage/src/pages/SkinConcernAnalysisPage.jsx.html[22m
[2m3:42:15 PM[22m [36m[1m[vite][22m[39m [90m[2m(client)[22m[39m [32mpage reload [39m[2mcoverage/src/pages/SkinProfilePage.jsx.html[22m
[2m3:42:15 PM[22m [36m[1m[vite][22m[39m [90m[2m(client)[22m[39m [32mpage reload [39m[2mcoverage/src/pages/SkinTypeAnalysisPage.jsx.html[22m
[2m3:42:15 PM[22m [36m[1m[vite][22m[39m [90m[2m(client)[22m[39m [32mpage reload [39m[2mcoverage/src/layouts/AppLayout.jsx.html[22m
[2m3:42:15 PM[22m [36m[1m[vite][22m[39m [90m[2m(client)[22m[39m [32mpage reload [39m[2mcoverage/src/layouts/index.html[22m
[2m3:42:16 PM[22m [36m[1m[vite][22m[39m [90m[2m(client)[22m[39m [32mpage reload [39m[2mcoverage/src/services/api.js.html[22m
[2m3:42:16 PM[22m [36m[1m[vite][22m[39m [90m[2m(client)[22m[39m [32mpage reload [39m[2mcoverage/src/services/apiClient.js.html[22m
[2m3:42:16 PM[22m [36m[1m[vite][22m[39m [90m[2m(client)[22m[39m [32mpage reload [39m[2mcoverage/src/services/authService.js.html[22m
[2m3:42:16 PM[22m [36m[1m[vite][22m[39m [90m[2m(client)[22m[39m [32mpage reload [39m[2mcoverage/src/services/brandService.js.html[22m
[2m3:42:16 PM[22m [36m[1m[vite][22m[39m [90m[2m(client)[22m[39m [32mpage reload [39m[2mcoverage/src/services/faceDetectionService.js.html[22m
[2m3:42:16 PM[22m [36m[1m[vite][22m[39m [90m[2m(client)[22m[39m [32mpage reload [39m[2mcoverage/src/services/feedbackService.js.html[22m
[2m3:42:16 PM[22m [36m[1m[vite][22m[39m [90m[2m(client)[22m[39m [32mpage reload [39m[2mcoverage/src/services/finalReportService.js.html[22m
[2m3:42:16 PM[22m [36m[1m[vite][22m[39m [90m[2m(client)[22m[39m [32mpage reload [39m[2mcoverage/src/services/imagePreprocessingService.js.html[22m
[2m3:42:16 PM[22m [36m[1m[vite][22m[39m [90m[2m(client)[22m[39m [32mpage reload [39m[2mcoverage/src/services/imageQualityService.js.html[22m
[2m3:42:16 PM[22m [36m[1m[vite][22m[39m [90m[2m(client)[22m[39m [32mpage reload [39m[2mcoverage/src/services/index.html[22m
[2m3:42:16 PM[22m [36m[1m[vite][22m[39m [90m[2m(client)[22m[39m [32mpage reload [39m[2mcoverage/src/services/ingredientService.js.html[22m
[2m3:42:16 PM[22m [36m[1m[vite][22m[39m [90m[2m(client)[22m[39m [32mpage reload [39m[2mcoverage/src/services/productEligibilityService.js.html[22m
[2m3:42:16 PM[22m [36m[1m[vite][22m[39m [90m[2m(client)[22m[39m [32mpage reload [39m[2mcoverage/src/services/productRecommendationService.js.html[22m
[2m3:42:16 PM[22m [36m[1m[vite][22m[39m [90m[2m(client)[22m[39m [32mpage reload [39m[2mcoverage/src/services/productService.js.html[22m
[2m3:42:16 PM[22m [36m[1m[vite][22m[39m [90m[2m(client)[22m[39m [32mpage reload [39m[2mcoverage/src/services/skinConcernService.js.html[22m
[2m3:42:16 PM[22m [36m[1m[vite][22m[39m [90m[2m(client)[22m[39m [32mpage reload [39m[2mcoverage/src/services/skincareRoutineService.js.html[22m
[2m3:42:16 PM[22m [36m[1m[vite][22m[39m [90m[2m(client)[22m[39m [32mpage reload [39m[2mcoverage/src/services/skinTypeService.js.html[22m
[2m3:42:16 PM[22m [36m[1m[vite][22m[39m [90m[2m(client)[22m[39m [32mpage reload [39m[2mcoverage/src/services/skinProfileService.js.html[22m
[2m3:42:16 PM[22m [36m[1m[vite][22m[39m [90m[2m(client)[22m[39m [32mpage reload [39m[2mcoverage/src/services/uploadService.js.html[22m
[2m3:42:16 PM[22m [36m[1m[vite][22m[39m [90m[2m(client)[22m[39m [32mpage reload [39m[2mcoverage/src/utils/index.html[22m
[2m3:42:16 PM[22m [36m[1m[vite][22m[39m [90m[2m(client)[22m[39m [32mpage reload [39m[2mcoverage/src/utils/validation.js.html[22m
[2m3:42:16 PM[22m [36m[1m[vite][22m[39m [90m[2m(client)[22m[39m [32mpage reload [39m[2mcoverage/src/routes/index.html[22m
[2m3:42:16 PM[22m [36m[1m[vite][22m[39m [90m[2m(client)[22m[39m [32mpage reload [39m[2mcoverage/src/routes/routeConfig.js.html[22m
[2m4:29:35 PM[22m [36m[1m[vite][22m[39m [32m.env changed, restarting server...[39m
[2m4:29:35 PM[22m [36m[1m[vite][22m[39m server restarted.
