INFO:     Started server process [34844]
INFO:     Waiting for application startup.
INFO:     Application startup complete.
INFO:     Uvicorn running on http://127.0.0.1:8001 (Press CTRL+C to quit)
2026-08-08 15:05:24,839 INFO dermascan.requests {"request_id":"dbaa1fed7fd84e9e86276a67a91768e7","method":"GET","route":"/api/health","status":200,"duration_ms":4.08}
2026-08-08 15:05:42,665 INFO dermascan.requests {"request_id":"62c53faf4b634ebda539893abb6e466d","method":"GET","route":"/api/health","status":200,"duration_ms":0.49}
2026-08-08 15:05:42,795 INFO dermascan.requests {"request_id":"17d17b5fc2a442f9bf316138a8169734","method":"GET","route":"/api/readiness","status":503,"duration_ms":66.19}
2026-08-08 15:05:43,471 INFO dermascan.requests {"request_id":"43bb03a90b93492f88475de4435624a7","method":"GET","route":"/openapi.json","status":200,"duration_ms":645.08}
2026-08-08 15:10:00,309 INFO dermascan.requests {"request_id":"33ed2143d2684c2d9833476619808881","method":"GET","route":"/api/health","status":200,"duration_ms":0.78}
2026-08-08 15:10:00,361 INFO dermascan.requests {"request_id":"eb6213d4b61245959370dc1a8eb94737","method":"GET","route":"/api/health","status":200,"duration_ms":0.29}
2026-08-08 15:10:00,491 INFO dermascan.requests {"request_id":"f49839943e95428d95e85239778bc71d","method":"GET","route":"/api/health","status":200,"duration_ms":0.54}
2026-08-08 15:10:00,530 INFO dermascan.requests {"request_id":"920c3316be304cf5ae1637ce6aaafbc7","method":"GET","route":"/api/health","status":200,"duration_ms":0.39}
2026-08-08 15:10:00,549 INFO dermascan.requests {"request_id":"0f2ceb25289b4bef93d7f2cf169b9c8e","method":"GET","route":"/api/health","status":200,"duration_ms":0.48}
2026-08-08 15:10:00,577 INFO dermascan.requests {"request_id":"a44c8d359a7f4d0e80872b39dd0fd94f","method":"GET","route":"/api/health","status":200,"duration_ms":0.28}
2026-08-08 15:10:00,596 INFO dermascan.requests {"request_id":"54387475cd50419ba57e370388bf8e85","method":"GET","route":"/api/health","status":200,"duration_ms":0.63}
2026-08-08 15:10:00,620 INFO dermascan.requests {"request_id":"8a769aa0641647d3b147511ae595ec1b","method":"GET","route":"/api/health","status":200,"duration_ms":0.42}
2026-08-08 15:10:00,641 INFO dermascan.requests {"request_id":"1abd29da7e3c4ffc91d6f64cb4dfe6c5","method":"GET","route":"/api/health","status":200,"duration_ms":0.44}
2026-08-08 15:10:00,676 INFO dermascan.requests {"request_id":"4d96602e30df463fb9c67a09d9ef93d2","method":"GET","route":"/api/health","status":200,"duration_ms":0.49}
2026-08-08 15:10:00,703 INFO dermascan.requests {"request_id":"1887d6a979af42adb28309cde7520019","method":"GET","route":"/api/health","status":200,"duration_ms":0.4}
2026-08-08 15:10:00,774 INFO dermascan.requests {"request_id":"7070dabf67274c689e305fcea238b906","method":"GET","route":"/api/health","status":200,"duration_ms":0.63}
2026-08-08 15:10:00,822 INFO dermascan.requests {"request_id":"f844b992623d44348ad41e13ab2c649b","method":"GET","route":"/api/health","status":200,"duration_ms":0.43}
2026-08-08 15:10:00,863 INFO dermascan.requests {"request_id":"6a50c55719cd46f9984db62bd3855774","method":"GET","route":"/api/health","status":200,"duration_ms":0.41}
2026-08-08 15:10:00,941 INFO dermascan.requests {"request_id":"398027fa0bc74dc2989bc6c4ba5ff306","method":"GET","route":"/api/health","status":200,"duration_ms":0.4}
2026-08-08 15:10:00,968 INFO dermascan.requests {"request_id":"36f7936ae3ce4271bb915d7c96d7cfd8","method":"GET","route":"/api/health","status":200,"duration_ms":0.41}
2026-08-08 15:10:00,998 INFO dermascan.requests {"request_id":"85b149d48e3246f59d7819f16d154ed4","method":"GET","route":"/api/health","status":200,"duration_ms":0.76}
2026-08-08 15:10:01,043 INFO dermascan.requests {"request_id":"e9a9eb9e2f984a0eaaed8c970bd0e2bd","method":"GET","route":"/api/health","status":200,"duration_ms":0.62}
2026-08-08 15:10:01,069 INFO dermascan.requests {"request_id":"18e0b0624aa14511ae1499f732f0e698","method":"GET","route":"/api/health","status":200,"duration_ms":0.46}
2026-08-08 15:10:01,105 INFO dermascan.requests {"request_id":"77f06b50ad894520a953348fb93da097","method":"GET","route":"/api/health","status":200,"duration_ms":0.36}
2026-08-08 15:10:01,134 INFO dermascan.requests {"request_id":"c2f971826a5e42679c392b68fa1bccb8","method":"GET","route":"/api/health","status":200,"duration_ms":0.47}
2026-08-08 15:10:01,172 INFO dermascan.requests {"request_id":"01a32e6b50674676988c4280d8cd7066","method":"GET","route":"/api/health","status":200,"duration_ms":0.73}
2026-08-08 15:10:01,207 INFO dermascan.requests {"request_id":"d55284f78adb4933a0e7295ecbb16bed","method":"GET","route":"/api/health","status":200,"duration_ms":0.47}
2026-08-08 15:10:01,240 INFO dermascan.requests {"request_id":"3f42bd8110e94ec5a2452a445e81b097","method":"GET","route":"/api/health","status":200,"duration_ms":0.57}
2026-08-08 15:10:01,361 INFO dermascan.requests {"request_id":"11cf0d4115864df8bde91f3f5ccdbe3e","method":"GET","route":"/api/health","status":200,"duration_ms":0.69}
2026-08-08 15:10:01,485 INFO dermascan.requests {"request_id":"24254333993f4fa687918a2e6f1d4caf","method":"GET","route":"/api/readiness","status":503,"duration_ms":20.24}
2026-08-08 15:10:01,531 INFO dermascan.requests {"request_id":"4d3775cd5c8842c39783748034c9aaad","method":"GET","route":"/api/readiness","status":503,"duration_ms":20.39}
2026-08-08 15:10:01,553 INFO dermascan.requests {"request_id":"b62118f171f3494ab5f9e00a925ed76d","method":"GET","route":"/api/readiness","status":503,"duration_ms":18.96}
2026-08-08 15:10:01,576 INFO dermascan.requests {"request_id":"dde42a7c08934ef986b11cf2ca36350c","method":"GET","route":"/api/readiness","status":503,"duration_ms":18.88}
2026-08-08 15:10:01,601 INFO dermascan.requests {"request_id":"f26e9eb8611946b19556254e473934dc","method":"GET","route":"/api/readiness","status":503,"duration_ms":21.51}
2026-08-08 15:10:01,623 INFO dermascan.requests {"request_id":"351f1a0556f84544b45c0fabf10e4dc0","method":"GET","route":"/api/readiness","status":503,"duration_ms":17.32}
2026-08-08 15:10:01,646 INFO dermascan.requests {"request_id":"84b127033496426daa80fd7a9f197eb7","method":"GET","route":"/api/readiness","status":503,"duration_ms":19.12}
2026-08-08 15:10:01,670 INFO dermascan.requests {"request_id":"bde9a4fab52c463e80808083dfa066ca","method":"GET","route":"/api/readiness","status":503,"duration_ms":19.94}
2026-08-08 15:10:01,691 INFO dermascan.requests {"request_id":"7a54213e781e46c7ab806437db9427fd","method":"GET","route":"/api/readiness","status":503,"duration_ms":16.5}
2026-08-08 15:10:01,714 INFO dermascan.requests {"request_id":"8077a9774ed841b5977cfea89152cb47","method":"GET","route":"/api/readiness","status":503,"duration_ms":18.25}
2026-08-08 15:10:01,735 INFO dermascan.requests {"request_id":"4ccaac529aae4333a693e4d185d3852b","method":"GET","route":"/api/readiness","status":503,"duration_ms":17.07}
2026-08-08 15:10:01,759 INFO dermascan.requests {"request_id":"02fc422973b74335a6fa270ea6adf9f7","method":"GET","route":"/api/readiness","status":503,"duration_ms":20.02}
2026-08-08 15:10:01,785 INFO dermascan.requests {"request_id":"6ecad741f1614c38b3c9011a47223965","method":"GET","route":"/api/readiness","status":503,"duration_ms":21.91}
2026-08-08 15:10:01,807 INFO dermascan.requests {"request_id":"1afc18bd5c0948c6857fee216a17a146","method":"GET","route":"/api/readiness","status":503,"duration_ms":18.05}
2026-08-08 15:10:01,829 INFO dermascan.requests {"request_id":"27e1414fb595485b8b8ae33af7f38581","method":"GET","route":"/api/readiness","status":503,"duration_ms":18.1}
2026-08-08 15:10:01,851 INFO dermascan.requests {"request_id":"f0552c13e4ab490bb7230d2e35873824","method":"GET","route":"/api/readiness","status":503,"duration_ms":19.3}
2026-08-08 15:10:01,875 INFO dermascan.requests {"request_id":"103cd58c7d4b4afa85da85ce57e9a668","method":"GET","route":"/api/readiness","status":503,"duration_ms":20.9}
2026-08-08 15:10:01,900 INFO dermascan.requests {"request_id":"3a5ea3874e9c417188ad9f93e90821d1","method":"GET","route":"/api/readiness","status":503,"duration_ms":21.29}
2026-08-08 15:10:01,923 INFO dermascan.requests {"request_id":"33fe7b4169904f188e2bd3b213b85d40","method":"GET","route":"/api/readiness","status":503,"duration_ms":19.89}
2026-08-08 15:10:01,947 INFO dermascan.requests {"request_id":"29bffe68fba749099ce1262c9cc6c338","method":"GET","route":"/api/readiness","status":503,"duration_ms":19.14}
2026-08-08 15:10:01,970 INFO dermascan.requests {"request_id":"7bb3ed28716444f6ac8609b672c0f8e0","method":"GET","route":"/api/readiness","status":503,"duration_ms":19.99}
2026-08-08 15:10:01,998 INFO dermascan.requests {"request_id":"b2d6d60226db4d6eab6f318ca7bdd20f","method":"GET","route":"/api/readiness","status":503,"duration_ms":23.37}
2026-08-08 15:10:02,023 INFO dermascan.requests {"request_id":"1088a67eb5c744b195bf84e3bec300ed","method":"GET","route":"/api/readiness","status":503,"duration_ms":20.35}
2026-08-08 15:10:02,048 INFO dermascan.requests {"request_id":"d9afed5383ba448797766ae4e9e6f2b5","method":"GET","route":"/api/readiness","status":503,"duration_ms":21.4}
2026-08-08 15:10:02,073 INFO dermascan.requests {"request_id":"7178ebd4c33146258d82c72ff06b2a95","method":"GET","route":"/api/readiness","status":503,"duration_ms":20.83}
2026-08-08 15:50:07,274 INFO dermascan.requests {"request_id":"3485208b12404e249ab4235509b51698","method":"GET","route":"/api/readiness","status":503,"duration_ms":201.76}
